Mar-31 16:15:16.918 [main] DEBUG nextflow.cli.Launcher - $> nextflow run /home/jbloom/Dropbox/code/xQTLStats/examples/FluconazoleV1_041825/main.nf -profile local --keyfile /home/jbloom/Dropbox/code/xQTLStats/examples/FluconazoleV1_041825/flatkey.csv --fastq_dir /data2/xQTL/FluconazoleV1_041825/fastq --outdir /data2/xQTL/FluconazoleV1_041825 --workdir /data2/xQTL/FluconazoleV1_041825/work --genome /media/hoffman2/PUBLIC_SHARED/yeast/reference/1011/sacCer3.fasta --vcf /media/hoffman2/PUBLIC_SHARED/yeast/reference/3000/VCFs_SNPs/1011_allhet_SNPs.vcf.gz -resume
Mar-31 16:15:16.984 [main] DEBUG nextflow.cli.CmdRun - N E X T F L O W  ~  version 25.10.4
Mar-31 16:15:17.001 [main] DEBUG nextflow.plugin.PluginsFacade - Setting up plugin manager > mode=prod; embedded=false; plugins-dir=/home/jbloom/.nextflow/plugins; core-plugins: nf-amazon@3.4.4,nf-azure@1.20.2,nf-cloudcache@0.5.0,nf-codecommit@0.5.0,nf-console@1.3.0,nf-google@1.23.5,nf-k8s@1.2.2,nf-tower@1.17.5,nf-wave@1.16.1
Mar-31 16:15:17.022 [main] INFO  o.pf4j.DefaultPluginStatusProvider - Enabled plugins: []
Mar-31 16:15:17.023 [main] INFO  o.pf4j.DefaultPluginStatusProvider - Disabled plugins: []
Mar-31 16:15:17.025 [main] INFO  org.pf4j.DefaultPluginManager - PF4J version 3.12.0 in 'deployment' mode
Mar-31 16:15:17.036 [main] DEBUG nextflow.util.RetryConfig - Missing nextflow session - using default retry config
Mar-31 16:15:17.138 [main] INFO  org.pf4j.AbstractPluginManager - No plugins
Mar-31 16:15:17.161 [main] DEBUG nextflow.config.ConfigBuilder - Found config local: /home/jbloom/Dropbox/code/xQTLStats/examples/FluconazoleV1_041825/nextflow.config
Mar-31 16:15:17.163 [main] DEBUG nextflow.config.ConfigBuilder - Parsing config file: /home/jbloom/Dropbox/code/xQTLStats/examples/FluconazoleV1_041825/nextflow.config
Mar-31 16:15:17.183 [main] DEBUG nextflow.config.ConfigBuilder - Applying config profile: `local`
Mar-31 16:15:17.581 [main] DEBUG nextflow.config.ConfigBuilder - Available config profiles: [hoffman2, local]
Mar-31 16:15:17.609 [main] DEBUG nextflow.plugin.PluginsFacade - Plugins default=[]
Mar-31 16:15:17.609 [main] DEBUG nextflow.plugin.PluginsFacade - Plugins resolved requirement=[]
Mar-31 16:15:17.620 [main] DEBUG n.secret.LocalSecretsProvider - Secrets store: /home/jbloom/.nextflow/secrets/store.json
Mar-31 16:15:17.622 [main] DEBUG nextflow.secret.SecretsLoader - Discovered secrets providers: [nextflow.secret.LocalSecretsProvider@4b960b5b] - activable => nextflow.secret.LocalSecretsProvider@4b960b5b
Mar-31 16:15:17.624 [main] DEBUG nextflow.cli.CmdRun - Applied DSL=2 from script declaration
Mar-31 16:15:17.635 [main] DEBUG nextflow.cli.CmdRun - Launching `/home/jbloom/Dropbox/code/xQTLStats/examples/FluconazoleV1_041825/main.nf` [amazing_chandrasekhar] DSL2 - revision: 5c8b2929ca
Mar-31 16:15:17.672 [main] DEBUG nextflow.Session - Session UUID: 039a9790-0f98-412e-8ae5-2685707e7ab4
Mar-31 16:15:17.673 [main] DEBUG nextflow.Session - Run name: amazing_chandrasekhar
Mar-31 16:15:17.673 [main] DEBUG nextflow.Session - Executor pool size: 128
Mar-31 16:15:17.679 [main] DEBUG nextflow.file.FilePorter - File porter settings maxRetries=3; maxTransfers=50; pollTimeout=null
Mar-31 16:15:17.683 [main] DEBUG nextflow.util.ThreadPoolBuilder - Creating thread pool 'FileTransfer' minSize=10; maxSize=384; workQueue=LinkedBlockingQueue[-1]; allowCoreThreadTimeout=false
Mar-31 16:15:17.699 [main] DEBUG nextflow.cli.CmdRun - 
  Version: 25.10.4 build 11173
  Created: 10-02-2026 15:17 UTC (07:17 PDT)
  System: Linux 6.8.0-101-generic
  Runtime: Groovy 4.0.28 on OpenJDK 64-Bit Server VM 23.0.2-internal-adhoc.conda.src
  Encoding: UTF-8 (UTF-8)
  Process: 835957@Thinkmate-MC62-G40-00 [127.0.1.1]
  CPUs: 128 - Mem: 251.5 GB (77.7 GB) - Swap: 2 GB (686.7 MB)
Mar-31 16:15:17.720 [main] DEBUG nextflow.Session - Work-dir: /data2/xQTL/FluconazoleV1_041825/work [ext2/ext3]
Mar-31 16:15:17.721 [main] DEBUG nextflow.Session - Script base path does not exist or is not a directory: /home/jbloom/Dropbox/code/xQTLStats/examples/FluconazoleV1_041825/bin
Mar-31 16:15:17.727 [main] DEBUG nextflow.executor.ExecutorFactory - Extension executors providers=[]
Mar-31 16:15:17.734 [main] DEBUG nextflow.Session - Observer factory (v2): LinObserverFactory
Mar-31 16:15:17.736 [main] DEBUG nextflow.Session - Observer factory (v2): DefaultObserverFactory
Mar-31 16:15:17.770 [main] DEBUG nextflow.cache.CacheFactory - Using Nextflow cache factory: nextflow.cache.DefaultCacheFactory
Mar-31 16:15:17.776 [main] DEBUG nextflow.util.CustomThreadPool - Creating default thread pool > poolSize: 129; maxThreads: 1000
Mar-31 16:15:17.881 [main] DEBUG nextflow.Session - Session start
Mar-31 16:15:18.181 [main] DEBUG nextflow.script.ScriptRunner - > Launching execution
Mar-31 16:15:18.379 [main] DEBUG nextflow.executor.ExecutorFactory - << taskConfig executor: local
Mar-31 16:15:18.379 [main] DEBUG nextflow.executor.ExecutorFactory - >> processorType: 'local'
Mar-31 16:15:18.386 [main] DEBUG nextflow.executor.Executor - [warm up] executor > local
Mar-31 16:15:18.392 [main] DEBUG n.processor.LocalPollingMonitor - Creating local task monitor for executor 'local' > cpus=32; memory=64 GB; capacity=128; pollInterval=100ms; dumpInterval=5m
Mar-31 16:15:18.393 [main] DEBUG n.processor.TaskPollingMonitor - >>> barrier register (monitor: local)
Mar-31 16:15:18.409 [main] DEBUG nextflow.processor.TaskProcessor - Creating process 'ALIGN_SORT_COUNT': maxForks=0; fair=false; array=0
Mar-31 16:15:18.431 [main] DEBUG nextflow.Session - Workflow process names [dsl2]: ALIGN_SORT_COUNT
Mar-31 16:15:18.432 [main] DEBUG nextflow.Session - Igniting dataflow network (3)
Mar-31 16:15:18.437 [main] DEBUG nextflow.processor.TaskProcessor - Starting process > ALIGN_SORT_COUNT
Mar-31 16:15:18.437 [PathVisitor-2] DEBUG nextflow.file.PathVisitor - files for syntax: glob; folder: /media/hoffman2/PUBLIC_SHARED/yeast/reference/1011/; pattern: sacCer3.fasta.*; options: [:]
Mar-31 16:15:18.437 [main] DEBUG nextflow.script.ScriptRunner - Parsed script files:
  Script_602f0e17d0ae5935: /home/jbloom/Dropbox/code/xQTLStats/examples/FluconazoleV1_041825/main.nf
Mar-31 16:15:18.437 [main] DEBUG nextflow.script.ScriptRunner - > Awaiting termination 
Mar-31 16:15:18.437 [main] DEBUG nextflow.Session - Session await
Mar-31 16:15:19.279 [Actor Thread 22] INFO  nextflow.processor.TaskProcessor - [28/a3427b] Cached process > ALIGN_SORT_COUNT (Sample005)
Mar-31 16:15:19.279 [Actor Thread 43] INFO  nextflow.processor.TaskProcessor - [6b/d7f57f] Cached process > ALIGN_SORT_COUNT (Sample018)
Mar-31 16:15:19.279 [Actor Thread 94] INFO  nextflow.processor.TaskProcessor - [8a/824567] Cached process > ALIGN_SORT_COUNT (Sample078)
Mar-31 16:15:19.279 [Actor Thread 84] INFO  nextflow.processor.TaskProcessor - [4b/4d7574] Cached process > ALIGN_SORT_COUNT (Sample083)
Mar-31 16:15:19.279 [Actor Thread 80] INFO  nextflow.processor.TaskProcessor - [d7/c8b70b] Cached process > ALIGN_SORT_COUNT (Sample085)
Mar-31 16:15:19.279 [Actor Thread 25] INFO  nextflow.processor.TaskProcessor - [0a/828028] Cached process > ALIGN_SORT_COUNT (Sample007)
Mar-31 16:15:19.279 [Actor Thread 113] INFO  nextflow.processor.TaskProcessor - [f0/af236a] Cached process > ALIGN_SORT_COUNT (Sample053)
Mar-31 16:15:19.279 [Actor Thread 93] INFO  nextflow.processor.TaskProcessor - [d3/e376f6] Cached process > ALIGN_SORT_COUNT (Sample043)
Mar-31 16:15:19.279 [Actor Thread 86] INFO  nextflow.processor.TaskProcessor - [ef/eca4b1] Cached process > ALIGN_SORT_COUNT (Sample082)
Mar-31 16:15:19.279 [Actor Thread 103] INFO  nextflow.processor.TaskProcessor - [55/c56477] Cached process > ALIGN_SORT_COUNT (Sample048)
Mar-31 16:15:19.279 [Actor Thread 42] INFO  nextflow.processor.TaskProcessor - [bc/cee48d] Cached process > ALIGN_SORT_COUNT (Sample017)
Mar-31 16:15:19.279 [Actor Thread 89] INFO  nextflow.processor.TaskProcessor - [19/332feb] Cached process > ALIGN_SORT_COUNT (Sample041)
Mar-31 16:15:19.279 [Actor Thread 47] INFO  nextflow.processor.TaskProcessor - [48/3e0efa] Cached process > ALIGN_SORT_COUNT (Sample020)
Mar-31 16:15:19.279 [Actor Thread 88] INFO  nextflow.processor.TaskProcessor - [ed/95aaac] Cached process > ALIGN_SORT_COUNT (Sample081)
Mar-31 16:15:19.279 [Actor Thread 69] INFO  nextflow.processor.TaskProcessor - [6c/f64517] Cached process > ALIGN_SORT_COUNT (Sample031)
Mar-31 16:15:19.279 [Actor Thread 111] INFO  nextflow.processor.TaskProcessor - [f7/ea109e] Cached process > ALIGN_SORT_COUNT (Sample052)
Mar-31 16:15:19.279 [Actor Thread 128] INFO  nextflow.processor.TaskProcessor - [3e/a58ef5] Cached process > ALIGN_SORT_COUNT (Sample064)
Mar-31 16:15:19.279 [Actor Thread 30] INFO  nextflow.processor.TaskProcessor - [98/16457e] Cached process > ALIGN_SORT_COUNT (Sample010)
Mar-31 16:15:19.280 [Actor Thread 37] INFO  nextflow.processor.TaskProcessor - [20/1f2175] Cached process > ALIGN_SORT_COUNT (Sample014)
Mar-31 16:15:19.280 [Actor Thread 79] INFO  nextflow.processor.TaskProcessor - [7f/300208] Cached process > ALIGN_SORT_COUNT (Sample036)
Mar-31 16:15:19.280 [Actor Thread 51] INFO  nextflow.processor.TaskProcessor - [5f/0a0ce0] Cached process > ALIGN_SORT_COUNT (Sample022)
Mar-31 16:15:19.279 [Actor Thread 99] INFO  nextflow.processor.TaskProcessor - [49/588db3] Cached process > ALIGN_SORT_COUNT (Sample046)
Mar-31 16:15:19.279 [Actor Thread 75] INFO  nextflow.processor.TaskProcessor - [2b/aa7138] Cached process > ALIGN_SORT_COUNT (Sample034)
Mar-31 16:15:19.279 [Actor Thread 110] INFO  nextflow.processor.TaskProcessor - [a8/fc4d0e] Cached process > ALIGN_SORT_COUNT (Sample070)
Mar-31 16:15:19.280 [Actor Thread 57] INFO  nextflow.processor.TaskProcessor - [8b/02ad44] Cached process > ALIGN_SORT_COUNT (Sample025)
Mar-31 16:15:19.280 [Actor Thread 20] INFO  nextflow.processor.TaskProcessor - [8b/df5e02] Cached process > ALIGN_SORT_COUNT (Sample004)
Mar-31 16:15:19.279 [Actor Thread 87] INFO  nextflow.processor.TaskProcessor - [5f/4db461] Cached process > ALIGN_SORT_COUNT (Sample040)
Mar-31 16:15:19.279 [Actor Thread 61] INFO  nextflow.processor.TaskProcessor - [78/0a2437] Cached process > ALIGN_SORT_COUNT (Sample027)
Mar-31 16:15:19.279 [Actor Thread 73] INFO  nextflow.processor.TaskProcessor - [92/5b2124] Cached process > ALIGN_SORT_COUNT (Sample033)
Mar-31 16:15:19.279 [Actor Thread 102] INFO  nextflow.processor.TaskProcessor - [5c/1a1197] Cached process > ALIGN_SORT_COUNT (Sample074)
Mar-31 16:15:19.279 [Actor Thread 109] INFO  nextflow.processor.TaskProcessor - [ac/840eb2] Cached process > ALIGN_SORT_COUNT (Sample051)
Mar-31 16:15:19.279 [Actor Thread 114] INFO  nextflow.processor.TaskProcessor - [99/73194c] Cached process > ALIGN_SORT_COUNT (Sample068)
Mar-31 16:15:19.279 [Actor Thread 55] INFO  nextflow.processor.TaskProcessor - [81/9df6e8] Cached process > ALIGN_SORT_COUNT (Sample024)
Mar-31 16:15:19.280 [Actor Thread 67] INFO  nextflow.processor.TaskProcessor - [d3/2db9b2] Cached process > ALIGN_SORT_COUNT (Sample030)
Mar-31 16:15:19.280 [Actor Thread 123] INFO  nextflow.processor.TaskProcessor - [a8/c95301] Cached process > ALIGN_SORT_COUNT (Sample058)
Mar-31 16:15:19.280 [Actor Thread 58] INFO  nextflow.processor.TaskProcessor - [d5/569c76] Cached process > ALIGN_SORT_COUNT (Sample096)
Mar-31 16:15:19.279 [Actor Thread 106] INFO  nextflow.processor.TaskProcessor - [8c/ee7cd4] Cached process > ALIGN_SORT_COUNT (Sample072)
Mar-31 16:15:19.279 [Actor Thread 98] INFO  nextflow.processor.TaskProcessor - [e1/dd5b6e] Cached process > ALIGN_SORT_COUNT (Sample076)
Mar-31 16:15:19.279 [Actor Thread 17] INFO  nextflow.processor.TaskProcessor - [00/b08a6d] Cached process > ALIGN_SORT_COUNT (Sample002)
Mar-31 16:15:19.280 [Actor Thread 95] INFO  nextflow.processor.TaskProcessor - [1b/e738e3] Cached process > ALIGN_SORT_COUNT (Sample044)
Mar-31 16:15:19.279 [Actor Thread 65] INFO  nextflow.processor.TaskProcessor - [5b/449e45] Cached process > ALIGN_SORT_COUNT (Sample029)
Mar-31 16:15:19.279 [Actor Thread 77] INFO  nextflow.processor.TaskProcessor - [f4/ab9a65] Cached process > ALIGN_SORT_COUNT (Sample035)
Mar-31 16:15:19.280 [Actor Thread 107] INFO  nextflow.processor.TaskProcessor - [60/bc6b42] Cached process > ALIGN_SORT_COUNT (Sample050)
Mar-31 16:15:19.279 [Actor Thread 18] INFO  nextflow.processor.TaskProcessor - [94/493857] Cached process > ALIGN_SORT_COUNT (Sample003)
Mar-31 16:15:19.279 [Actor Thread 72] INFO  nextflow.processor.TaskProcessor - [3c/0c6541] Cached process > ALIGN_SORT_COUNT (Sample089)
Mar-31 16:15:19.279 [Actor Thread 92] INFO  nextflow.processor.TaskProcessor - [45/666858] Cached process > ALIGN_SORT_COUNT (Sample079)
Mar-31 16:15:19.279 [Actor Thread 83] INFO  nextflow.processor.TaskProcessor - [63/6b58fc] Cached process > ALIGN_SORT_COUNT (Sample038)
Mar-31 16:15:19.279 [Actor Thread 125] INFO  nextflow.processor.TaskProcessor - [5d/be3755] Cached process > ALIGN_SORT_COUNT (Sample059)
Mar-31 16:15:19.279 [Actor Thread 108] INFO  nextflow.processor.TaskProcessor - [92/ca2f2a] Cached process > ALIGN_SORT_COUNT (Sample071)
Mar-31 16:15:19.279 [Actor Thread 66] INFO  nextflow.processor.TaskProcessor - [88/1ec9a9] Cached process > ALIGN_SORT_COUNT (Sample092)
Mar-31 16:15:19.280 [Actor Thread 27] INFO  nextflow.processor.TaskProcessor - [ba/ae315d] Cached process > ALIGN_SORT_COUNT (Sample008)
Mar-31 16:15:19.279 [Actor Thread 28] INFO  nextflow.processor.TaskProcessor - [2a/e14a7e] Cached process > ALIGN_SORT_COUNT (Sample009)
Mar-31 16:15:19.280 [Actor Thread 32] INFO  nextflow.processor.TaskProcessor - [3c/1a4e43] Cached process > ALIGN_SORT_COUNT (Sample011)
Mar-31 16:15:19.280 [Actor Thread 118] INFO  nextflow.processor.TaskProcessor - [3f/9de41b] Cached process > ALIGN_SORT_COUNT (Sample066)
Mar-31 16:15:19.279 [Actor Thread 112] INFO  nextflow.processor.TaskProcessor - [f5/c82fa7] Cached process > ALIGN_SORT_COUNT (Sample069)
Mar-31 16:15:19.279 [Actor Thread 97] INFO  nextflow.processor.TaskProcessor - [e2/241f73] Cached process > ALIGN_SORT_COUNT (Sample045)
Mar-31 16:15:19.280 [Actor Thread 78] INFO  nextflow.processor.TaskProcessor - [7d/aa5272] Cached process > ALIGN_SORT_COUNT (Sample086)
Mar-31 16:15:19.279 [Actor Thread 35] INFO  nextflow.processor.TaskProcessor - [61/0e94aa] Cached process > ALIGN_SORT_COUNT (Sample013)
Mar-31 16:15:19.279 [Actor Thread 63] INFO  nextflow.processor.TaskProcessor - [3f/ff25d1] Cached process > ALIGN_SORT_COUNT (Sample028)
Mar-31 16:15:19.279 [Actor Thread 127] INFO  nextflow.processor.TaskProcessor - [41/139e7b] Cached process > ALIGN_SORT_COUNT (Sample060)
Mar-31 16:15:19.279 [Actor Thread 24] INFO  nextflow.processor.TaskProcessor - [72/15f067] Cached process > ALIGN_SORT_COUNT (Sample006)
Mar-31 16:15:19.279 [Actor Thread 33] INFO  nextflow.processor.TaskProcessor - [8e/03456c] Cached process > ALIGN_SORT_COUNT (Sample012)
Mar-31 16:15:19.280 [Actor Thread 70] INFO  nextflow.processor.TaskProcessor - [8c/f0a793] Cached process > ALIGN_SORT_COUNT (Sample090)
Mar-31 16:15:19.280 [Actor Thread 116] INFO  nextflow.processor.TaskProcessor - [73/312968] Cached process > ALIGN_SORT_COUNT (Sample067)
Mar-31 16:15:19.280 [Actor Thread 60] INFO  nextflow.processor.TaskProcessor - [09/a9aae6] Cached process > ALIGN_SORT_COUNT (Sample095)
Mar-31 16:15:19.280 [Actor Thread 104] INFO  nextflow.processor.TaskProcessor - [20/d32e48] Cached process > ALIGN_SORT_COUNT (Sample073)
Mar-31 16:15:19.280 [Actor Thread 126] INFO  nextflow.processor.TaskProcessor - [9e/0dc444] Cached process > ALIGN_SORT_COUNT (Sample062)
Mar-31 16:15:19.280 [Actor Thread 105] INFO  nextflow.processor.TaskProcessor - [4c/b7e09b] Cached process > ALIGN_SORT_COUNT (Sample049)
Mar-31 16:15:19.280 [Actor Thread 45] INFO  nextflow.processor.TaskProcessor - [71/876fae] Cached process > ALIGN_SORT_COUNT (Sample019)
Mar-31 16:15:19.280 [Actor Thread 81] INFO  nextflow.processor.TaskProcessor - [d9/4f5fcd] Cached process > ALIGN_SORT_COUNT (Sample037)
Mar-31 16:15:19.280 [Actor Thread 119] INFO  nextflow.processor.TaskProcessor - [9e/ee5a71] Cached process > ALIGN_SORT_COUNT (Sample056)
Mar-31 16:15:19.280 [Actor Thread 39] INFO  nextflow.processor.TaskProcessor - [45/a1770a] Cached process > ALIGN_SORT_COUNT (Sample015)
Mar-31 16:15:19.280 [Actor Thread 76] INFO  nextflow.processor.TaskProcessor - [8b/137dac] Cached process > ALIGN_SORT_COUNT (Sample087)
Mar-31 16:15:19.280 [Actor Thread 121] INFO  nextflow.processor.TaskProcessor - [23/7bfdf8] Cached process > ALIGN_SORT_COUNT (Sample057)
Mar-31 16:15:19.280 [Actor Thread 74] INFO  nextflow.processor.TaskProcessor - [4c/2158eb] Cached process > ALIGN_SORT_COUNT (Sample088)
Mar-31 16:15:19.280 [Actor Thread 117] INFO  nextflow.processor.TaskProcessor - [41/fd46c9] Cached process > ALIGN_SORT_COUNT (Sample055)
Mar-31 16:15:19.280 [Actor Thread 91] INFO  nextflow.processor.TaskProcessor - [56/d75122] Cached process > ALIGN_SORT_COUNT (Sample042)
Mar-31 16:15:19.280 [Actor Thread 101] INFO  nextflow.processor.TaskProcessor - [01/6d4e0c] Cached process > ALIGN_SORT_COUNT (Sample047)
Mar-31 16:15:19.280 [Actor Thread 15] INFO  nextflow.processor.TaskProcessor - [e3/607722] Cached process > ALIGN_SORT_COUNT (Sample001)
Mar-31 16:15:19.280 [Actor Thread 90] INFO  nextflow.processor.TaskProcessor - [a6/48a341] Cached process > ALIGN_SORT_COUNT (Sample080)
Mar-31 16:15:19.280 [Actor Thread 62] INFO  nextflow.processor.TaskProcessor - [b4/8ffa39] Cached process > ALIGN_SORT_COUNT (Sample094)
Mar-31 16:15:19.280 [Actor Thread 49] INFO  nextflow.processor.TaskProcessor - [78/2d8046] Cached process > ALIGN_SORT_COUNT (Sample021)
Mar-31 16:15:19.280 [Actor Thread 82] INFO  nextflow.processor.TaskProcessor - [ae/0c4ec9] Cached process > ALIGN_SORT_COUNT (Sample084)
Mar-31 16:15:19.280 [Actor Thread 53] INFO  nextflow.processor.TaskProcessor - [73/12bc89] Cached process > ALIGN_SORT_COUNT (Sample023)
Mar-31 16:15:19.280 [Actor Thread 71] INFO  nextflow.processor.TaskProcessor - [f6/f30309] Cached process > ALIGN_SORT_COUNT (Sample032)
Mar-31 16:15:19.280 [Actor Thread 96] INFO  nextflow.processor.TaskProcessor - [31/066899] Cached process > ALIGN_SORT_COUNT (Sample077)
Mar-31 16:15:19.280 [Actor Thread 115] INFO  nextflow.processor.TaskProcessor - [d5/5f5b8c] Cached process > ALIGN_SORT_COUNT (Sample054)
Mar-31 16:15:19.280 [Actor Thread 68] INFO  nextflow.processor.TaskProcessor - [f6/e5aaae] Cached process > ALIGN_SORT_COUNT (Sample091)
Mar-31 16:15:19.280 [Actor Thread 129] INFO  nextflow.processor.TaskProcessor - [16/f4b880] Cached process > ALIGN_SORT_COUNT (Sample061)
Mar-31 16:15:19.280 [Actor Thread 100] INFO  nextflow.processor.TaskProcessor - [d1/2e7fb8] Cached process > ALIGN_SORT_COUNT (Sample075)
Mar-31 16:15:19.280 [Actor Thread 64] INFO  nextflow.processor.TaskProcessor - [dd/8cbed8] Cached process > ALIGN_SORT_COUNT (Sample093)
Mar-31 16:15:19.280 [Actor Thread 59] INFO  nextflow.processor.TaskProcessor - [61/c968dc] Cached process > ALIGN_SORT_COUNT (Sample026)
Mar-31 16:15:19.280 [Actor Thread 85] INFO  nextflow.processor.TaskProcessor - [54/10e842] Cached process > ALIGN_SORT_COUNT (Sample039)
Mar-31 16:15:19.280 [Actor Thread 41] INFO  nextflow.processor.TaskProcessor - [ed/2a440e] Cached process > ALIGN_SORT_COUNT (Sample016)
Mar-31 16:15:19.280 [Actor Thread 124] INFO  nextflow.processor.TaskProcessor - [d2/200c2b] Cached process > ALIGN_SORT_COUNT (Sample063)
Mar-31 16:15:19.280 [Actor Thread 120] INFO  nextflow.processor.TaskProcessor - [2a/3aa463] Cached process > ALIGN_SORT_COUNT (Sample065)
Mar-31 16:15:19.324 [Actor Thread 81] DEBUG nextflow.util.ThreadPoolBuilder - Creating thread pool 'PublishDir' minSize=10; maxSize=384; workQueue=LinkedBlockingQueue[-1]; allowCoreThreadTimeout=false
Mar-31 16:15:19.370 [main] DEBUG nextflow.Session - Session await > all processes finished
Mar-31 16:15:19.408 [Task monitor] DEBUG n.processor.TaskPollingMonitor - <<< barrier arrives (monitor: local) - terminating tasks monitor poll loop
Mar-31 16:15:19.408 [main] DEBUG nextflow.Session - Session await > all barriers passed
Mar-31 16:15:19.411 [main] DEBUG nextflow.util.ThreadPoolManager - Thread pool 'PublishDir' shutdown completed (hard=false)
Mar-31 16:15:19.417 [main] DEBUG n.trace.WorkflowStatsObserver - Workflow completed > WorkflowStats[succeededCount=0; failedCount=0; ignoredCount=0; cachedCount=96; pendingCount=0; submittedCount=0; runningCount=0; retriesCount=0; abortedCount=0; succeedDuration=0ms; failedDuration=0ms; cachedDuration=7h 42m 50s;loadCpus=0; loadMemory=0; peakRunning=0; peakCpus=0; peakMemory=0; ]
Mar-31 16:15:19.513 [main] DEBUG nextflow.trace.ReportObserver - Workflow completed -- rendering execution report
Mar-31 16:15:19.994 [main] DEBUG nextflow.trace.TimelineObserver - Workflow completed -- rendering execution timeline
Mar-31 16:15:20.050 [main] DEBUG nextflow.cache.CacheDB - Closing CacheDB done
Mar-31 16:15:20.057 [main] DEBUG nextflow.util.ThreadPoolManager - Thread pool 'FileTransfer' shutdown completed (hard=false)
Mar-31 16:15:20.057 [main] DEBUG nextflow.script.ScriptRunner - > Execution complete -- Goodbye
